// Jest Snapshot v1, https://goo.gl/fbAQLP

exports[`Basic functionality: a formatted table 1`] = `
"| **A** | **B** | **C** |
| ----: | :---- | ----- |
|     a | b     | c     |
|     x | y     | z     |
"
`;

exports[`Basic functionality: alternating keeps information of different codification 1`] = `
"* a
* b
  * c

  * d
    * e

    * f
"
`;

exports[`Basic functionality: dont break obsidian links 1`] = `
"[[respect this]]
"
`;

exports[`Basic functionality: enumerate lists 1`] = `
"1. foo

a. aaa
b. bbb
c. ccc

1. bar
2. baz
"
`;

exports[`Basic functionality: enumerate lists 2`] = `
"1. foo
   1. aaa
   2. bbb
   3. ccc
2. bar
3. baz
"
`;

exports[`Basic functionality: lists use * bullets 1`] = `
"* a
* b
  * c
  * d
    * e
    * f
"
`;

exports[`Basic functionality: lists use - bullets 1`] = `
"- a
- b
  - c
  - d
    - e
    - f
"
`;

exports[`Embed image 1`] = `
"<https://cyberculturesblog.files.wordpress.com/2019/01/Memex.jpg>
"
`;

exports[`Embed youtube 1`] = `
"<https://www.youtube.com/watch?v=B6rKUf9DWRI>
"
`;

exports[`Indent size 1`] = `
"- foo
- foo
- foo
- foo
"
`;

exports[`Indent size 2`] = `
"- foo
- foo
- foo
- foo
"
`;

exports[`Newlines around headings: disabled 1`] = `
"# Heading
Content
## Subheading
"
`;

exports[`Newlines around headings: enabled 1`] = `
"# Heading

Content

## Subheading
"
`;
