// Jest Snapshot v1, https://goo.gl/fbAQLP

exports[`issues https://github.com/cristianvasquez/obsidian-prettify/issues/1 1`] = `
"# issues/1

Prettifier:

- [ ] Don't break my TODO
"
`;

exports[`issues https://github.com/cristianvasquez/obsidian-prettify/issues/1 2`] = `
"# issues/1

1. fjlkefjl
   1. feafe
2. feafea
3. feaf
   1. fea
4. fefe
"
`;

exports[`issues https://github.com/cristianvasquez/obsidian-prettify/issues/12 1`] = `
"$$
egin{bmatrix}
a && b \\\\
c && d
end{bmatrix}
$$
"
`;

exports[`issues https://github.com/cristianvasquez/obsidian-prettify/issues/19 1`] = `
"* X
  * Tab
* X
  * Tab
* X
  * 2 spaces
* X
  * 3 spaces
* X
  * 4 Spaces
"
`;

exports[`issues https://github.com/cristianvasquez/obsidian-prettify/issues/19 2`] = `
"*   X
    *   Tab
*   X
    *   Tab
*   X
    *   2 spaces
*   X
    *   3 spaces
*   X
    *   4 Spaces
"
`;

exports[`issues https://github.com/cristianvasquez/obsidian-prettify/issues/20 1`] = `
"| A title | B title |       |
| ------- | ------- | ----- |
| [[ link | alias]] | B row |
"
`;

exports[`issues https://github.com/cristianvasquez/obsidian-prettify/issues/35 1`] = `
"$$$egin{aligned}
		& y_{it} = mu_i + x_{it}
		\\\\
		& x_{it} = phi_i x_{i,t-1} + e_{it}
end{aligned}$$
$$$
"
`;

exports[`issues https://github.com/cristianvasquez/obsidian-prettify/issues/47 1`] = `
"$x + y$

$x + y$
"
`;

exports[`issues https://github.com/cristianvasquez/obsidian-prettify/issues/49 1`] = `
"#12 of 36

*
"
`;
